mode: atomic
github.com/go-compressions/compress/bitreader.go:27.43,28.37 1 63
github.com/go-compressions/compress/bitreader.go:28.37,30.3 1 1
github.com/go-compressions/compress/bitreader.go:31.2,31.42 1 62
github.com/go-compressions/compress/bitreader.go:40.50,41.14 1 1520464
github.com/go-compressions/compress/bitreader.go:41.14,43.17 2 2450329
github.com/go-compressions/compress/bitreader.go:43.17,44.30 1 50
github.com/go-compressions/compress/bitreader.go:44.30,46.5 1 46
github.com/go-compressions/compress/bitreader.go:47.4,48.17 2 4
github.com/go-compressions/compress/bitreader.go:50.3,51.11 2 2450279
github.com/go-compressions/compress/bitreader.go:53.2,57.15 5 1520414
github.com/go-compressions/compress/bitreader.go:72.74,79.19 5 370
github.com/go-compressions/compress/bitreader.go:79.19,81.41 2 408
github.com/go-compressions/compress/bitreader.go:81.41,83.4 1 3
github.com/go-compressions/compress/bitreader.go:84.3,84.21 1 405
github.com/go-compressions/compress/bitreader.go:86.2,86.19 1 367
github.com/go-compressions/compress/compress.go:47.48,50.51 3 61
github.com/go-compressions/compress/compress.go:50.51,51.68 1 6
github.com/go-compressions/compress/compress.go:51.68,53.4 1 3
github.com/go-compressions/compress/compress.go:54.3,54.18 1 3
github.com/go-compressions/compress/compress.go:56.2,56.44 1 55
github.com/go-compressions/compress/compress.go:56.44,58.3 1 1
github.com/go-compressions/compress/compress.go:59.2,60.41 2 54
github.com/go-compressions/compress/compress.go:60.41,63.3 1 3
github.com/go-compressions/compress/compress.go:64.2,73.32 2 51
github.com/go-compressions/compress/compress.go:73.32,75.3 1 13056
github.com/go-compressions/compress/compress.go:76.2,78.17 3 51
github.com/go-compressions/compress/compress.go:78.17,80.3 1 49
github.com/go-compressions/compress/compress.go:81.2,81.15 1 51
github.com/go-compressions/compress/compress.go:108.26,108.50 1 112
github.com/go-compressions/compress/compress.go:120.35,122.21 2 416
github.com/go-compressions/compress/compress.go:122.21,125.3 2 73
github.com/go-compressions/compress/compress.go:126.2,126.22 1 343
github.com/go-compressions/compress/compress.go:129.46,130.22 1 1553608
github.com/go-compressions/compress/compress.go:130.22,131.19 1 1520103
github.com/go-compressions/compress/compress.go:131.19,133.4 1 50
github.com/go-compressions/compress/compress.go:134.3,134.19 1 1520053
github.com/go-compressions/compress/compress.go:136.2,138.15 3 1553558
github.com/go-compressions/compress/compress.go:142.31,145.24 1 1520055
github.com/go-compressions/compress/compress.go:145.24,147.17 2 305
github.com/go-compressions/compress/compress.go:147.17,149.4 1 1
github.com/go-compressions/compress/compress.go:150.3,151.26 2 304
github.com/go-compressions/compress/compress.go:154.2,155.16 2 1520054
github.com/go-compressions/compress/compress.go:155.16,157.3 1 47
github.com/go-compressions/compress/compress.go:160.2,160.19 1 1520007
github.com/go-compressions/compress/compress.go:160.19,161.18 1 44
github.com/go-compressions/compress/compress.go:161.18,163.4 1 1
github.com/go-compressions/compress/compress.go:164.3,167.13 4 43
github.com/go-compressions/compress/compress.go:170.2,170.38 1 1519963
github.com/go-compressions/compress/compress.go:170.38,174.17 4 62
github.com/go-compressions/compress/compress.go:174.17,176.4 1 1
github.com/go-compressions/compress/compress.go:177.3,188.13 3 61
github.com/go-compressions/compress/compress.go:191.2,196.20 3 1519901
github.com/go-compressions/compress/compress.go:196.20,197.20 1 2939
github.com/go-compressions/compress/compress.go:197.20,200.4 1 1
github.com/go-compressions/compress/compress.go:201.3,203.27 3 2938
github.com/go-compressions/compress/compress.go:206.2,206.18 1 1519900
github.com/go-compressions/compress/compress.go:206.18,207.15 1 2715480
github.com/go-compressions/compress/compress.go:207.15,211.4 1 1
github.com/go-compressions/compress/compress.go:212.3,214.32 3 2715479
github.com/go-compressions/compress/compress.go:216.2,225.28 5 1519899
github.com/go-compressions/compress/compress.go:225.28,229.3 3 718313
github.com/go-compressions/compress/compress.go:230.2,231.12 2 1519899
